Fitter report for traffic_walk
Fri Jul 16 15:56:23 2004
Version 4.0 Build 190 1/28/2004 SJ Full Version


---------------------
; Table of Contents ;
---------------------
  1. Legal Notice
  2. Fitter Summary
  3. Fitter Settings
  4. Fitter Device Options
  5. Fitter Equations
  6. Floorplan View
  7. Pin-Out File
  8. Fitter Resource Usage Summary
  9. Input Pins
 10. Output Pins
 11. All Package Pins
 12. I/O Standard
 13. Dedicated Inputs I/O
 14. Output Pin Load For Reported TCO
 15. Fitter Resource Utilization by Entity
 16. Control Signals
 17. Global & Other Fast Signals
 18. Non-Global High Fan-Out Signals
 19. Interconnect Usage Summary
 20. LAB External Interconnect
 21. LAB Macrocells
 22. Logic Cell Interconnection
 23. Fitter Messages



----------------
; Legal Notice ;
----------------
Copyright (C) 1991-2004 Altera Corporation
Any  megafunction  design,  and related netlist (encrypted  or  decrypted),
support information,  device programming or simulation file,  and any other
associated  documentation or information  provided by  Altera  or a partner
under  Altera's   Megafunction   Partnership   Program  may  be  used  only
to program  PLD  devices (but not masked  PLD  devices) from  Altera.   Any
other  use  of such  megafunction  design,  netlist,  support  information,
device programming or simulation file,  or any other  related documentation
or information  is prohibited  for  any  other purpose,  including, but not
limited to  modification,  reverse engineering,  de-compiling, or use  with
any other  silicon devices,  unless such use is  explicitly  licensed under
a separate agreement with  Altera  or a megafunction partner.  Title to the
intellectual property,  including patents,  copyrights,  trademarks,  trade
secrets,  or maskworks,  embodied in any such megafunction design, netlist,
support  information,  device programming or simulation file,  or any other
related documentation or information provided by  Altera  or a megafunction
partner, remains with Altera, the megafunction partner, or their respective
licensors. No other licenses, including any licenses needed under any third
party's intellectual property, are provided herein.



+---------------------------------------------------------------+
; Fitter Summary                                                ;
+-----------------------+---------------------------------------+
; Fitter Status         ; Successful - Fri Jul 16 15:56:23 2004 ;
; Revision Name         ; traffic_walk                          ;
; Top-level Entity Name ; traffic_walk                          ;
; Family                ; MAX7000S                              ;
; Device                ; EPM7128SLC84-7                        ;
; Total macrocells      ; 16 / 128 ( 12 % )                     ;
; Total pins            ; 18 / 68 ( 26 % )                      ;
+-----------------------+---------------------------------------+


+--------------------------------------------------------------------------------------+
; Fitter Settings                                                                      ;
+---------------------------------------------------------------------------------------
; Option                                     ; Setting            ; Default Value      ;
+--------------------------------------------+--------------------+--------------------+
; Device                                     ; EPM7128SLC84-7     ;                    ;
; Slow Slew Rate                             ; Off                ; Off                ;
; Fitter Initial Placement Seed              ; 1                  ; 1                  ;
; FIT_ONLY_ONE_ATTEMPT                       ; Off                ; Off                ;
; Optimize IOC Register Placement for Timing ; On                 ; On                 ;
; Optimize Timing                            ; Normal Compilation ; Normal Compilation ;
+--------------------------------------------+--------------------+--------------------+


+-------------------------------------------------------------------------+
; Fitter Device Options                                                   ;
+--------------------------------------------------------------------------
; Option                                       ; Setting                  ;
+----------------------------------------------+--------------------------+
; Auto-restart configuration after error       ; On                       ;
; Release clears before tri-states             ; Off                      ;
; Enable user-supplied start-up clock (CLKUSR) ; Off                      ;
; Enable device-wide reset (DEV_CLRn)          ; Off                      ;
; Enable device-wide output enable (DEV_OE)    ; Off                      ;
; Enable INIT_DONE output                      ; Off                      ;
; Reserve all unused pins                      ; As output driving ground ;
; Security bit                                 ; Off                      ;
; Base pin-out file on sameframe device        ; Off                      ;
+----------------------------------------------+--------------------------+


+-------------------+
; Fitter Equations  ;
+-------------------+
The equations can be found in c:/qdesigns/labs/lab30/traffic_walk/traffic_walk.fit.eqn.


+-----------------+
; Floorplan View  ;
+-----------------+
Floorplan report data cannot be output to ASCII.
Please use Quartus II to view the floorplan report data.


+---------------+
; Pin-Out File  ;
+---------------+
The pin-out file can be found in c:/qdesigns/labs/lab30/traffic_walk/traffic_walk.pin.


+--------------------------------------------------+
; Fitter Resource Usage Summary                    ;
+---------------------------------------------------
; Resource                     ; Usage             ;
+------------------------------+-------------------+
; Logic cells                  ; 16 / 128 ( 12 % ) ;
; Registers                    ; 15 / 128 ( 11 % ) ;
; Number of pterms used        ; 38                ;
; User inserted logic cells    ; 0                 ;
; I/O pins                     ; 18 / 68 ( 26 % )  ;
;     -- Clock pins            ; 0 / 2 ( 0 % )     ;
;     -- Dedicated input pins  ; 0 / 2 ( 0 % )     ;
; Global signals               ; 2                 ;
; Shareable expanders          ; 0 / 128 ( 0 % )   ;
; Parallel expanders           ; 0 / 120 ( 0 % )   ;
; Cells using turbo bit        ; 16 / 128 ( 12 % ) ;
; Maximum fan-out node         ; clk               ;
; Maximum fan-out              ; 15                ;
; Total fan-out                ; 93                ;
; Average fan-out              ; 2.74              ;
+------------------------------+-------------------+


+--------------------------------------------------------------------------------------------------------------------------------------------------+
; Input Pins                                                                                                                                       ;
+---------------------------------------------------------------------------------------------------------------------------------------------------
; Name       ; Pin # ; I/O Bank ; LAB ; Combinational Fan-Out ; Registered Fan-Out ; Global ; Input Register ; I/O Standard ; Location assigned by ;
+------------+-------+----------+-----+-----------------------+--------------------+--------+----------------+--------------+----------------------+
; clk        ; 83    ; --       ; --  ; 15                    ; 0                  ; yes    ; no             ; TTL          ; Fitter               ;
; ew_walk_sw ; 81    ; --       ; 8   ; 2                     ; 0                  ; no     ; no             ; TTL          ; Fitter               ;
; ns_walk_sw ; 52    ; --       ; 5   ; 2                     ; 0                  ; no     ; no             ; TTL          ; Fitter               ;
; reset      ; 1     ; --       ; --  ; 15                    ; 0                  ; yes    ; no             ; TTL          ; Fitter               ;
+------------+-------+----------+-----+-----------------------+--------------------+--------+----------------+--------------+----------------------+


+---------------------------------------------------------------------------------------------------------------------------------------+
; Output Pins                                                                                                                           ;
+----------------------------------------------------------------------------------------------------------------------------------------
; Name       ; Pin # ; I/O Bank ; LAB ; Output Register ; Slow Slew Rate ; Open Drain ; Turbo Bit ; I/O Standard ; Location assigned by ;
+------------+-------+----------+-----+-----------------+----------------+------------+-----------+--------------+----------------------+
; ew_reset   ; 10    ; --       ; 1   ; no              ; no             ; no         ; yes       ; TTL          ; Fitter               ;
; ew_walk_lt ; 6     ; --       ; 1   ; no              ; no             ; no         ; yes       ; TTL          ; Fitter               ;
; ewg        ; 8     ; --       ; 1   ; no              ; no             ; no         ; yes       ; TTL          ; Fitter               ;
; ewr        ; 21    ; --       ; 2   ; no              ; no             ; no         ; yes       ; TTL          ; Fitter               ;
; ewy        ; 9     ; --       ; 1   ; no              ; no             ; no         ; yes       ; TTL          ; Fitter               ;
; ns_reset   ; 11    ; --       ; 1   ; no              ; no             ; no         ; yes       ; TTL          ; Fitter               ;
; ns_walk_lt ; 5     ; --       ; 1   ; no              ; no             ; no         ; yes       ; TTL          ; Fitter               ;
; nsg        ; 4     ; --       ; 1   ; no              ; no             ; no         ; yes       ; TTL          ; Fitter               ;
; nsr        ; 22    ; --       ; 2   ; no              ; no             ; no         ; yes       ; TTL          ; Fitter               ;
; nsy        ; 12    ; --       ; 1   ; no              ; no             ; no         ; yes       ; TTL          ; Fitter               ;
+------------+-------+----------+-----+-----------------+----------------+------------+-----------+--------------+----------------------+


+----------------------------------------------------------------------------+
; All Package Pins                                                           ;
+-----------------------------------------------------------------------------
; Location ; Pad Number ; I/O Bank ; Pin Name/Usage ; I/O Standard ; Voltage ;
+----------+------------+----------+----------------+--------------+---------+
; 1        ; 0          ; --       ; reset          ; TTL          ;         ;
; 2        ; 1          ; --       ; GND+           ;              ;         ;
; 3        ; 2          ; --       ; VCCINT         ;              ; 5.0V    ;
; 4        ; 3          ; --       ; nsg            ; TTL          ;         ;
; 5        ; 4          ; --       ; ns_walk_lt     ; TTL          ;         ;
; 6        ; 5          ; --       ; ew_walk_lt     ; TTL          ;         ;
; 7        ; 6          ; --       ; GND            ;              ;         ;
; 8        ; 7          ; --       ; ewg            ; TTL          ;         ;
; 9        ; 8          ; --       ; ewy            ; TTL          ;         ;
; 10       ; 9          ; --       ; ew_reset       ; TTL          ;         ;
; 11       ; 10         ; --       ; ns_reset       ; TTL          ;         ;
; 12       ; 11         ; --       ; nsy            ; TTL          ;         ;
; 13       ; 12         ; --       ; VCCIO          ;              ; 5.0V    ;
; 14       ; 13         ; --       ; +TDI           ; TTL          ;         ;
; 15       ; 14         ; --       ; GND*           ;              ;         ;
; 16       ; 15         ; --       ; GND*           ;              ;         ;
; 17       ; 16         ; --       ; GND*           ;              ;         ;
; 18       ; 17         ; --       ; GND*           ;              ;         ;
; 19       ; 18         ; --       ; GND            ;              ;         ;
; 20       ; 19         ; --       ; GND*           ;              ;         ;
; 21       ; 20         ; --       ; ewr            ; TTL          ;         ;
; 22       ; 21         ; --       ; nsr            ; TTL          ;         ;
; 23       ; 22         ; --       ; +TMS           ; TTL          ;         ;
; 24       ; 23         ; --       ; GND*           ;              ;         ;
; 25       ; 24         ; --       ; GND*           ;              ;         ;
; 26       ; 25         ; --       ; VCCIO          ;              ; 5.0V    ;
; 27       ; 26         ; --       ; GND*           ;              ;         ;
; 28       ; 27         ; --       ; GND*           ;              ;         ;
; 29       ; 28         ; --       ; GND*           ;              ;         ;
; 30       ; 29         ; --       ; GND*           ;              ;         ;
; 31       ; 30         ; --       ; GND*           ;              ;         ;
; 32       ; 31         ; --       ; GND            ;              ;         ;
; 33       ; 32         ; --       ; GND*           ;              ;         ;
; 34       ; 33         ; --       ; GND*           ;              ;         ;
; 35       ; 34         ; --       ; GND*           ;              ;         ;
; 36       ; 35         ; --       ; GND*           ;              ;         ;
; 37       ; 36         ; --       ; GND*           ;              ;         ;
; 38       ; 37         ; --       ; VCCIO          ;              ; 5.0V    ;
; 39       ; 38         ; --       ; GND*           ;              ;         ;
; 40       ; 39         ; --       ; GND*           ;              ;         ;
; 41       ; 40         ; --       ; GND*           ;              ;         ;
; 42       ; 41         ; --       ; GND            ;              ;         ;
; 43       ; 42         ; --       ; VCCINT         ;              ; 5.0V    ;
; 44       ; 43         ; --       ; GND*           ;              ;         ;
; 45       ; 44         ; --       ; GND*           ;              ;         ;
; 46       ; 45         ; --       ; GND*           ;              ;         ;
; 47       ; 46         ; --       ; GND            ;              ;         ;
; 48       ; 47         ; --       ; GND*           ;              ;         ;
; 49       ; 48         ; --       ; GND*           ;              ;         ;
; 50       ; 49         ; --       ; GND*           ;              ;         ;
; 51       ; 50         ; --       ; GND*           ;              ;         ;
; 52       ; 51         ; --       ; ns_walk_sw     ; TTL          ;         ;
; 53       ; 52         ; --       ; VCCIO          ;              ; 5.0V    ;
; 54       ; 53         ; --       ; GND*           ;              ;         ;
; 55       ; 54         ; --       ; GND*           ;              ;         ;
; 56       ; 55         ; --       ; GND*           ;              ;         ;
; 57       ; 56         ; --       ; GND*           ;              ;         ;
; 58       ; 57         ; --       ; GND*           ;              ;         ;
; 59       ; 58         ; --       ; GND            ;              ;         ;
; 60       ; 59         ; --       ; GND*           ;              ;         ;
; 61       ; 60         ; --       ; GND*           ;              ;         ;
; 62       ; 61         ; --       ; +TCK           ; TTL          ;         ;
; 63       ; 62         ; --       ; GND*           ;              ;         ;
; 64       ; 63         ; --       ; GND*           ;              ;         ;
; 65       ; 64         ; --       ; GND*           ;              ;         ;
; 66       ; 65         ; --       ; VCCIO          ;              ; 5.0V    ;
; 67       ; 66         ; --       ; GND*           ;              ;         ;
; 68       ; 67         ; --       ; GND*           ;              ;         ;
; 69       ; 68         ; --       ; GND*           ;              ;         ;
; 70       ; 69         ; --       ; GND*           ;              ;         ;
; 71       ; 70         ; --       ; *TDO           ; TTL          ;         ;
; 72       ; 71         ; --       ; GND            ;              ;         ;
; 73       ; 72         ; --       ; GND*           ;              ;         ;
; 74       ; 73         ; --       ; GND*           ;              ;         ;
; 75       ; 74         ; --       ; GND*           ;              ;         ;
; 76       ; 75         ; --       ; GND*           ;              ;         ;
; 77       ; 76         ; --       ; GND*           ;              ;         ;
; 78       ; 77         ; --       ; VCCIO          ;              ; 5.0V    ;
; 79       ; 78         ; --       ; GND*           ;              ;         ;
; 80       ; 79         ; --       ; GND*           ;              ;         ;
; 81       ; 80         ; --       ; ew_walk_sw     ; TTL          ;         ;
; 82       ; 81         ; --       ; GND            ;              ;         ;
; 83       ; 82         ; --       ; clk            ; TTL          ;         ;
; 84       ; 83         ; --       ; GND+           ;              ;         ;
+----------+------------+----------+----------------+--------------+---------+


+--------------------------------------------------------------------------------------------------+
; I/O Standard                                                                                     ;
+---------------------------------------------------------------------------------------------------
; I/O Standard ; Input Vref ; Dedicated Input Pins ; Pins in I/O Bank1 ; Pins in I/O Bank2 ; Total ;
+--------------+------------+----------------------+-------------------+-------------------+-------+
; TTL          ; -          ; 2                    ; 0                 ; 0                 ; 2     ;
+--------------+------------+----------------------+-------------------+-------------------+-------+


+---------------------------------------------------------------------+
; Dedicated Inputs I/O                                                ;
+----------------------------------------------------------------------
; Name  ; Pin # ; Type  ; VCCIO ; I/O Standard ; Input Vref ; Current ;
+-------+-------+-------+-------+--------------+------------+---------+
; clk   ; 83    ; Input ; --    ; TTL          ; -          ; 0 mA    ;
; reset ; 1     ; Input ; --    ; TTL          ; -          ; 0 mA    ;
+-------+-------+-------+-------+--------------+------------+---------+


+-----------------------------------------------+
; Output Pin Load For Reported TCO              ;
+------------------------------------------------
; I/O Standard ; Load  ; Termination Resistance ;
+--------------+-------+------------------------+
; LVTTL        ; 10 pF ; Not Available          ;
; LVCMOS       ; 10 pF ; Not Available          ;
+--------------+-------+------------------------+


+-------------------------------------------------------------------------------------+
; Fitter Resource Utilization by Entity                                               ;
+--------------------------------------------------------------------------------------
; Compilation Hierarchy Node ; Macrocells ; Pins ; Full Hierarchy Name                ;
+----------------------------+------------+------+------------------------------------+
; |traffic_walk              ; 16         ; 18   ; |traffic_walk                      ;
;    |ct_mod5:output_timer|  ; 3          ; 0    ; |traffic_walk|ct_mod5:output_timer ;
+----------------------------+------------+------+------------------------------------+


+----------------------------------------------------------------------------------------------+
; Control Signals                                                                              ;
+-----------------------------------------------------------------------------------------------
; Name  ; Location ; Fan-Out ; Usage        ; Global ; Global Resource Used ; Global Line Name ;
+-------+----------+---------+--------------+--------+----------------------+------------------+
; clk   ; Pin_83   ; 15      ; Clock        ; yes    ; On                   ; --               ;
; reset ; Pin_1    ; 15      ; Async. clear ; yes    ; On                   ; --               ;
+-------+----------+---------+--------------+--------+----------------------+------------------+


+----------------------------------------------------------------------+
; Global & Other Fast Signals                                          ;
+-----------------------------------------------------------------------
; Name  ; Location ; Fan-Out ; Global Resource Used ; Global Line Name ;
+-------+----------+---------+----------------------+------------------+
; clk   ; Pin_83   ; 15      ; On                   ; --               ;
; reset ; Pin_1    ; 15      ; On                   ; --               ;
+-------+----------+---------+----------------------+------------------+


+-----------------------------------------+
; Non-Global High Fan-Out Signals         ;
+------------------------------------------
; Name                          ; Fan-Out ;
+-------------------------------+---------+
; ct_mod5:output_timer|count[2] ; 12      ;
; sequence~21                   ; 11      ;
; sequence~20                   ; 10      ;
; sequence~22                   ; 10      ;
; ct_mod5:output_timer|count[0] ; 3       ;
; ew_walk_sw                    ; 2       ;
; ns_walk_sw                    ; 2       ;
; outputs[1]                    ; 2       ;
; ct_mod5:output_timer|count[1] ; 2       ;
; outputs[1]~1                  ; 1       ;
; outputs[3]                    ; 1       ;
; outputs[7]                    ; 1       ;
; outputs[9]                    ; 1       ;
; outputs[6]                    ; 1       ;
; outputs[5]                    ; 1       ;
; outputs[10]                   ; 1       ;
; outputs[8]                    ; 1       ;
; outputs[2]                    ; 1       ;
+-------------------------------+---------+


+-----------------------------------------------+
; Interconnect Usage Summary                    ;
+------------------------------------------------
; Interconnect Resource Type ; Usage            ;
+----------------------------+------------------+
; Output enables             ; 0 / 6 ( 0 % )    ;
; PIA buffers                ; 13 / 288 ( 4 % ) ;
; PIAs                       ; 13 / 288 ( 4 % ) ;
+----------------------------+------------------+


+----------------------------------------------------------------------------+
; LAB External Interconnect                                                  ;
+----------------------------------------------+-----------------------------+
; LAB External Interconnects  (Average = 1.63) ; Number of LABs  (Total = 2) ;
+----------------------------------------------+-----------------------------+
; 0                                            ; 6                           ;
; 1                                            ; 0                           ;
; 2                                            ; 0                           ;
; 3                                            ; 0                           ;
; 4                                            ; 1                           ;
; 5                                            ; 0                           ;
; 6                                            ; 0                           ;
; 7                                            ; 0                           ;
; 8                                            ; 0                           ;
; 9                                            ; 1                           ;
+----------------------------------------------+-----------------------------+


+----------------------------------------------------------------------+
; LAB Macrocells                                                       ;
+----------------------------------------+-----------------------------+
; Number of Macrocells  (Average = 2.00) ; Number of LABs  (Total = 2) ;
+----------------------------------------+-----------------------------+
; 0                                      ; 6                           ;
; 1                                      ; 0                           ;
; 2                                      ; 1                           ;
; 3                                      ; 0                           ;
; 4                                      ; 0                           ;
; 5                                      ; 0                           ;
; 6                                      ; 0                           ;
; 7                                      ; 0                           ;
; 8                                      ; 0                           ;
; 9                                      ; 0                           ;
; 10                                     ; 0                           ;
; 11                                     ; 0                           ;
; 12                                     ; 0                           ;
; 13                                     ; 0                           ;
; 14                                     ; 1                           ;
+----------------------------------------+-----------------------------+


+-----------------------------------------------------------------------------------------------------------------------------------------------------------------------------------------------------------------------------------------------------------------------------------------------------------------------+
; Logic Cell Interconnection                                                                                                                                                                                                                                                                                            ;
+------------------------------------------------------------------------------------------------------------------------------------------------------------------------------------------------------------------------------------------------------------------------------------------------------------------------
; LAB ; Logic Cell ; Input                                                                                                    ; Output                                                                                                                                                                                  ;
+-----+------------+----------------------------------------------------------------------------------------------------------+-----------------------------------------------------------------------------------------------------------------------------------------------------------------------------------------+
;  A  ; LC7        ; clk, reset, ct_mod5:output_timer|count[2], ct_mod5:output_timer|count[1], ct_mod5:output_timer|count[0]  ; ct_mod5:output_timer|count[0], ct_mod5:output_timer|count[1], ct_mod5:output_timer|count[2]                                                                                             ;
;  A  ; LC1        ; clk, reset, sequence~20, sequence~21, sequence~22                                                        ; sequence~21, outputs[2], sequence~22, outputs[8], outputs[10], outputs[5], outputs[6], outputs[9], outputs[1], outputs[7], outputs[3]                                                   ;
;  A  ; LC9        ; clk, reset, ct_mod5:output_timer|count[0]                                                                ; ct_mod5:output_timer|count[0], ct_mod5:output_timer|count[2]                                                                                                                            ;
;  A  ; LC10       ; clk, reset, ct_mod5:output_timer|count[0], ct_mod5:output_timer|count[1], ct_mod5:output_timer|count[2]  ; ct_mod5:output_timer|count[0], ct_mod5:output_timer|count[2], outputs[2], sequence~22, outputs[8], outputs[10], sequence~20, outputs[5], outputs[6], outputs[9], outputs[7], outputs[3] ;
;  A  ; LC3        ; clk, ct_mod5:output_timer|count[2], sequence~20, sequence~21, reset                                      ; nsy                                                                                                                                                                                     ;
;  A  ; LC4        ; clk, reset, sequence~22, ct_mod5:output_timer|count[2], ns_walk_sw, sequence~20, sequence~21, ew_walk_sw ; sequence~21, sequence~22, outputs[8], outputs[10], sequence~20, outputs[6], outputs[9], outputs[1], outputs[7], outputs[3]                                                              ;
;  A  ; LC5        ; clk, ct_mod5:output_timer|count[2], sequence~21, sequence~22, reset                                      ; ns_reset                                                                                                                                                                                ;
;  A  ; LC6        ; clk, sequence~21, sequence~22, ct_mod5:output_timer|count[2], reset                                      ; ew_reset                                                                                                                                                                                ;
;  A  ; LC2        ; clk, reset, ct_mod5:output_timer|count[2], sequence~20, sequence~22                                      ; sequence~21, outputs[2], sequence~22, sequence~20, outputs[5], outputs[6], outputs[9], outputs[1], outputs[7], outputs[3]                                                               ;
;  A  ; LC8        ; clk, sequence~20, sequence~21, ct_mod5:output_timer|count[2], reset                                      ; ewy                                                                                                                                                                                     ;
;  A  ; LC11       ; clk, reset, sequence~21, sequence~20, ct_mod5:output_timer|count[2], sequence~22                         ; ewg                                                                                                                                                                                     ;
;  A  ; LC13       ; clk, sequence~22, sequence~21, sequence~20, ew_walk_sw, ct_mod5:output_timer|count[2], reset             ; ew_walk_lt                                                                                                                                                                              ;
;  A  ; LC14       ; clk, sequence~22, sequence~21, ct_mod5:output_timer|count[2], sequence~20, ns_walk_sw, reset             ; ns_walk_lt                                                                                                                                                                              ;
;  A  ; LC16       ; clk, sequence~20, ct_mod5:output_timer|count[2], sequence~22, sequence~21, reset                         ; nsg                                                                                                                                                                                     ;
;  B  ; LC17       ; clk, reset, sequence~20, sequence~21, sequence~22                                                        ; nsr, outputs[1]~1                                                                                                                                                                       ;
;  B  ; LC19       ; outputs[1]                                                                                               ; ewr                                                                                                                                                                                     ;
+-----+------------+----------------------------------------------------------------------------------------------------------+-----------------------------------------------------------------------------------------------------------------------------------------------------------------------------------------+


+------------------+
; Fitter Messages  ;
+------------------+
Info: *******************************************************************
Info: Running Quartus II Fitter
    Info: Version 4.0 Build 190 1/28/2004 SJ Full Version
    Info: Processing started: Fri Jul 16 15:56:22 2004
Info: Command: quartus_fit --import_settings_files=off --export_settings_files=off traffic_walk -c traffic_walk
Info: Selected device EPM7128SLC84-7 for design traffic_walk
Info: Quartus II Fitter was successful. 0 errors, 0 warnings
    Info: Processing ended: Fri Jul 16 15:56:23 2004
    Info: Elapsed time: 00:00:01


